// Jest Snapshot v1, https://goo.gl/fbAQLP

exports[`Configuration Page most be render 1`] = `
<div>
  <form>
    <input
      placeholder="Insira os nomes dos participantes"
      type="text"
      value=""
    />
    <button
      disabled=""
    >
      Adicionar
    </button>
    
  </form>
  <ul />
  <footer>
    <button
      disabled=""
    >
      Come√ßar
    </button>
  </footer>
</div>
`;
